e:\dev\wishboneinteractive\vulkan\underworld\x64\debug\astoroth.pdb
e:\dev\wishboneinteractive\vulkan\underworld\x64\debug\astoroth.idb
e:\dev\wishboneinteractive\vulkan\underworld\astoroth\x64\debug\collision.obj
e:\dev\wishboneinteractive\vulkan\underworld\astoroth\x64\debug\collidercomponents.obj
e:\dev\wishboneinteractive\vulkan\underworld\astoroth\x64\debug\camerasystem.obj
e:\dev\wishboneinteractive\vulkan\underworld\astoroth\x64\debug\cameracomponents.obj
e:\dev\wishboneinteractive\vulkan\underworld\astoroth\x64\debug\camera.obj
e:\dev\wishboneinteractive\vulkan\underworld\astoroth\x64\debug\cache.obj
e:\dev\wishboneinteractive\vulkan\underworld\astoroth\x64\debug\buffer.obj
e:\dev\wishboneinteractive\vulkan\underworld\astoroth\x64\debug\bindlessrender.obj
e:\dev\wishboneinteractive\vulkan\underworld\astoroth\x64\debug\audiosystem.obj
e:\dev\wishboneinteractive\vulkan\underworld\astoroth\x64\debug\audiocomponents.obj
e:\dev\wishboneinteractive\vulkan\underworld\astoroth\x64\debug\audio.obj
e:\dev\wishboneinteractive\vulkan\underworld\astoroth\x64\debug\asyncstreaming.obj
e:\dev\wishboneinteractive\vulkan\underworld\astoroth\x64\debug\assetstreamer.obj
e:\dev\wishboneinteractive\vulkan\underworld\astoroth\x64\debug\assetregistry.obj
e:\dev\wishboneinteractive\vulkan\underworld\astoroth\x64\debug\assetpipeline.obj
e:\dev\wishboneinteractive\vulkan\underworld\astoroth\x64\debug\animationsystem.obj
e:\dev\wishboneinteractive\vulkan\underworld\astoroth\x64\debug\animationstatecomponents.obj
e:\dev\wishboneinteractive\vulkan\underworld\astoroth\x64\debug\animationmathematics.obj
e:\dev\wishboneinteractive\vulkan\underworld\astoroth\x64\debug\aisystem.obj
e:\dev\wishboneinteractive\vulkan\underworld\astoroth\x64\debug\aicomponents.obj
e:\dev\wishboneinteractive\vulkan\underworld\astoroth\x64\debug\framestack.obj
e:\dev\wishboneinteractive\vulkan\underworld\astoroth\x64\debug\framegraph.obj
e:\dev\wishboneinteractive\vulkan\underworld\astoroth\x64\debug\fences.obj
e:\dev\wishboneinteractive\vulkan\underworld\astoroth\x64\debug\extensions.obj
e:\dev\wishboneinteractive\vulkan\underworld\astoroth\x64\debug\environmentmap.obj
e:\dev\wishboneinteractive\vulkan\underworld\astoroth\x64\debug\entitycomponentsystem.obj
e:\dev\wishboneinteractive\vulkan\underworld\astoroth\x64\debug\engine.obj
e:\dev\wishboneinteractive\vulkan\underworld\astoroth\x64\debug\directedacyclicgraph.obj
e:\dev\wishboneinteractive\vulkan\underworld\astoroth\x64\debug\device.obj
e:\dev\wishboneinteractive\vulkan\underworld\astoroth\x64\debug\descriptorpool.obj
e:\dev\wishboneinteractive\vulkan\underworld\astoroth\x64\debug\descriptor.obj
e:\dev\wishboneinteractive\vulkan\underworld\astoroth\x64\debug\debugmessenger.obj
e:\dev\wishboneinteractive\vulkan\underworld\astoroth\x64\debug\cullingsystem.obj
e:\dev\wishboneinteractive\vulkan\underworld\astoroth\x64\debug\culling.obj
e:\dev\wishboneinteractive\vulkan\underworld\astoroth\x64\debug\coreservices.obj
e:\dev\wishboneinteractive\vulkan\underworld\astoroth\x64\debug\computershader.obj
e:\dev\wishboneinteractive\vulkan\underworld\astoroth\x64\debug\componentmanager.obj
e:\dev\wishboneinteractive\vulkan\underworld\astoroth\x64\debug\commandlist.obj
e:\dev\wishboneinteractive\vulkan\underworld\astoroth\x64\debug\movementssystem.obj
e:\dev\wishboneinteractive\vulkan\underworld\astoroth\x64\debug\meshlets.obj
e:\dev\wishboneinteractive\vulkan\underworld\astoroth\x64\debug\memorypool.obj
e:\dev\wishboneinteractive\vulkan\underworld\astoroth\x64\debug\memoruallocator.obj
e:\dev\wishboneinteractive\vulkan\underworld\astoroth\x64\debug\materialcomponents.obj
e:\dev\wishboneinteractive\vulkan\underworld\astoroth\x64\debug\lua.obj
e:\dev\wishboneinteractive\vulkan\underworld\astoroth\x64\debug\loader.obj
e:\dev\wishboneinteractive\vulkan\underworld\astoroth\x64\debug\lighting.obj
e:\dev\wishboneinteractive\vulkan\underworld\astoroth\x64\debug\lightcomponents.obj
e:\dev\wishboneinteractive\vulkan\underworld\astoroth\x64\debug\levelloader.obj
e:\dev\wishboneinteractive\vulkan\underworld\astoroth\x64\debug\jobsystem.obj
e:\dev\wishboneinteractive\vulkan\underworld\astoroth\x64\debug\instance.obj
e:\dev\wishboneinteractive\vulkan\underworld\astoroth\x64\debug\import.obj
e:\dev\wishboneinteractive\vulkan\underworld\astoroth\x64\debug\guid.obj
e:\dev\wishboneinteractive\vulkan\underworld\astoroth\x64\debug\gpupipeline.obj
e:\dev\wishboneinteractive\vulkan\underworld\astoroth\x64\debug\shadows.obj
e:\dev\wishboneinteractive\vulkan\underworld\astoroth\x64\debug\semaphores.obj
e:\dev\wishboneinteractive\vulkan\underworld\astoroth\x64\debug\scriptsystem.obj
e:\dev\wishboneinteractive\vulkan\underworld\astoroth\x64\debug\scenecomposer.obj
e:\dev\wishboneinteractive\vulkan\underworld\astoroth\x64\debug\scene.obj
e:\dev\wishboneinteractive\vulkan\underworld\astoroth\x64\debug\sawapchain.obj
e:\dev\wishboneinteractive\vulkan\underworld\astoroth\x64\debug\resourcebarriers.obj
e:\dev\wishboneinteractive\vulkan\underworld\astoroth\x64\debug\renderprepsystem.obj
e:\dev\wishboneinteractive\vulkan\underworld\astoroth\x64\debug\rendermeshcomponents.obj
e:\dev\wishboneinteractive\vulkan\underworld\astoroth\x64\debug\rendergraph.obj
e:\dev\wishboneinteractive\vulkan\underworld\astoroth\x64\debug\renderer.obj
e:\dev\wishboneinteractive\vulkan\underworld\astoroth\x64\debug\reflections.obj
e:\dev\wishboneinteractive\vulkan\underworld\astoroth\x64\debug\raytracer.obj
e:\dev\wishboneinteractive\vulkan\underworld\astoroth\x64\debug\platform.obj
e:\dev\wishboneinteractive\vulkan\underworld\astoroth\x64\debug\physicssystem.obj
e:\dev\wishboneinteractive\vulkan\underworld\astoroth\x64\debug\particlesystem.obj
e:\dev\wishboneinteractive\vulkan\underworld\astoroth\x64\debug\particlelogic.obj
e:\dev\wishboneinteractive\vulkan\underworld\astoroth\x64\debug\nvme.obj
e:\dev\wishboneinteractive\vulkan\underworld\astoroth\x64\debug\workthief.obj
e:\dev\wishboneinteractive\vulkan\underworld\astoroth\x64\debug\vulkanqueue.obj
e:\dev\wishboneinteractive\vulkan\underworld\astoroth\x64\debug\virtualtexturing.obj
e:\dev\wishboneinteractive\vulkan\underworld\astoroth\x64\debug\velocitycomponents.obj
e:\dev\wishboneinteractive\vulkan\underworld\astoroth\x64\debug\transformsystem.obj
e:\dev\wishboneinteractive\vulkan\underworld\astoroth\x64\debug\transformcomponents.obj
e:\dev\wishboneinteractive\vulkan\underworld\astoroth\x64\debug\transformationmathematics.obj
e:\dev\wishboneinteractive\vulkan\underworld\astoroth\x64\debug\textureimages.obj
e:\dev\wishboneinteractive\vulkan\underworld\astoroth\x64\debug\systemscheduler.obj
e:\dev\wishboneinteractive\vulkan\underworld\astoroth\x64\debug\spir-v.obj
e:\dev\wishboneinteractive\vulkan\underworld\astoroth\x64\debug\skeletalcomponents.obj
c:\users\dmbet\source\repos\underworld\astoroth\x64\debug\aicomponents.obj
c:\users\dmbet\source\repos\underworld\astoroth\x64\debug\aisystem.obj
c:\users\dmbet\source\repos\underworld\astoroth\x64\debug\animationmathematics.obj
c:\users\dmbet\source\repos\underworld\astoroth\x64\debug\animationstatecomponents.obj
c:\users\dmbet\source\repos\underworld\astoroth\x64\debug\animationsystem.obj
c:\users\dmbet\source\repos\underworld\astoroth\x64\debug\assetpipeline.obj
c:\users\dmbet\source\repos\underworld\astoroth\x64\debug\assetregistry.obj
c:\users\dmbet\source\repos\underworld\astoroth\x64\debug\assetstreamer.obj
c:\users\dmbet\source\repos\underworld\astoroth\x64\debug\asyncstreaming.obj
c:\users\dmbet\source\repos\underworld\astoroth\x64\debug\audio.obj
c:\users\dmbet\source\repos\underworld\astoroth\x64\debug\audiocomponents.obj
c:\users\dmbet\source\repos\underworld\astoroth\x64\debug\audiosystem.obj
c:\users\dmbet\source\repos\underworld\astoroth\x64\debug\buffer.obj
c:\users\dmbet\source\repos\underworld\astoroth\x64\debug\cache.obj
c:\users\dmbet\source\repos\underworld\astoroth\x64\debug\camera.obj
c:\users\dmbet\source\repos\underworld\astoroth\x64\debug\cameracomponents.obj
c:\users\dmbet\source\repos\underworld\astoroth\x64\debug\camerasystem.obj
c:\users\dmbet\source\repos\underworld\astoroth\x64\debug\collidercomponents.obj
c:\users\dmbet\source\repos\underworld\astoroth\x64\debug\collision.obj
c:\users\dmbet\source\repos\underworld\astoroth\x64\debug\commandlist.obj
c:\users\dmbet\source\repos\underworld\astoroth\x64\debug\componentmanager.obj
c:\users\dmbet\source\repos\underworld\astoroth\x64\debug\computershader.obj
c:\users\dmbet\source\repos\underworld\astoroth\x64\debug\coreservices.obj
c:\users\dmbet\source\repos\underworld\astoroth\x64\debug\culling.obj
c:\users\dmbet\source\repos\underworld\astoroth\x64\debug\cullingsystem.obj
c:\users\dmbet\source\repos\underworld\astoroth\x64\debug\device.obj
c:\users\dmbet\source\repos\underworld\astoroth\x64\debug\directedacyclicgraph.obj
c:\users\dmbet\source\repos\underworld\astoroth\x64\debug\engine.obj
c:\users\dmbet\source\repos\underworld\astoroth\x64\debug\entitycomponentsystem.obj
c:\users\dmbet\source\repos\underworld\astoroth\x64\debug\environmentmap.obj
c:\users\dmbet\source\repos\underworld\astoroth\x64\debug\fences.obj
c:\users\dmbet\source\repos\underworld\astoroth\x64\debug\framegraph.obj
c:\users\dmbet\source\repos\underworld\astoroth\x64\debug\framestack.obj
c:\users\dmbet\source\repos\underworld\astoroth\x64\debug\gpupipeline.obj
c:\users\dmbet\source\repos\underworld\astoroth\x64\debug\guid.obj
c:\users\dmbet\source\repos\underworld\astoroth\x64\debug\import.obj
c:\users\dmbet\source\repos\underworld\astoroth\x64\debug\instance.obj
c:\users\dmbet\source\repos\underworld\astoroth\x64\debug\jobsystem.obj
c:\users\dmbet\source\repos\underworld\astoroth\x64\debug\levelloader.obj
c:\users\dmbet\source\repos\underworld\astoroth\x64\debug\lightcomponents.obj
c:\users\dmbet\source\repos\underworld\astoroth\x64\debug\lighting.obj
c:\users\dmbet\source\repos\underworld\astoroth\x64\debug\loader.obj
c:\users\dmbet\source\repos\underworld\astoroth\x64\debug\lua.obj
c:\users\dmbet\source\repos\underworld\astoroth\x64\debug\materialcomponents.obj
c:\users\dmbet\source\repos\underworld\astoroth\x64\debug\memoruallocator.obj
c:\users\dmbet\source\repos\underworld\astoroth\x64\debug\memorypool.obj
c:\users\dmbet\source\repos\underworld\astoroth\x64\debug\meshlets.obj
c:\users\dmbet\source\repos\underworld\astoroth\x64\debug\movementssystem.obj
c:\users\dmbet\source\repos\underworld\astoroth\x64\debug\nvme.obj
c:\users\dmbet\source\repos\underworld\astoroth\x64\debug\particlelogic.obj
c:\users\dmbet\source\repos\underworld\astoroth\x64\debug\particlesystem.obj
c:\users\dmbet\source\repos\underworld\astoroth\x64\debug\physicssystem.obj
c:\users\dmbet\source\repos\underworld\astoroth\x64\debug\platform.obj
c:\users\dmbet\source\repos\underworld\astoroth\x64\debug\raytracer.obj
c:\users\dmbet\source\repos\underworld\astoroth\x64\debug\reflections.obj
c:\users\dmbet\source\repos\underworld\astoroth\x64\debug\renderer.obj
c:\users\dmbet\source\repos\underworld\astoroth\x64\debug\rendergraph.obj
c:\users\dmbet\source\repos\underworld\astoroth\x64\debug\rendermeshcomponents.obj
c:\users\dmbet\source\repos\underworld\astoroth\x64\debug\renderprepsystem.obj
c:\users\dmbet\source\repos\underworld\astoroth\x64\debug\resourcebarriers.obj
c:\users\dmbet\source\repos\underworld\astoroth\x64\debug\sawapchain.obj
c:\users\dmbet\source\repos\underworld\astoroth\x64\debug\scene.obj
c:\users\dmbet\source\repos\underworld\astoroth\x64\debug\scenecomposer.obj
c:\users\dmbet\source\repos\underworld\astoroth\x64\debug\scriptsystem.obj
c:\users\dmbet\source\repos\underworld\astoroth\x64\debug\semaphores.obj
c:\users\dmbet\source\repos\underworld\astoroth\x64\debug\shadows.obj
c:\users\dmbet\source\repos\underworld\astoroth\x64\debug\skeletalcomponents.obj
c:\users\dmbet\source\repos\underworld\astoroth\x64\debug\spir-v.obj
c:\users\dmbet\source\repos\underworld\astoroth\x64\debug\systemscheduler.obj
c:\users\dmbet\source\repos\underworld\astoroth\x64\debug\transformationmathematics.obj
c:\users\dmbet\source\repos\underworld\astoroth\x64\debug\transformcomponents.obj
c:\users\dmbet\source\repos\underworld\astoroth\x64\debug\transformsystem.obj
c:\users\dmbet\source\repos\underworld\astoroth\x64\debug\velocitycomponents.obj
c:\users\dmbet\source\repos\underworld\astoroth\x64\debug\virtualtexturing.obj
c:\users\dmbet\source\repos\underworld\astoroth\x64\debug\workthief.obj
c:\users\dmbet\source\repos\underworld\astoroth\x64\debug\astoroth.tlog\cl.command.1.tlog
c:\users\dmbet\source\repos\underworld\astoroth\x64\debug\astoroth.tlog\cl.read.1.tlog
c:\users\dmbet\source\repos\underworld\astoroth\x64\debug\astoroth.tlog\cl.write.1.tlog
