C:\Program Files\Microsoft Visual Studio\18\Professional\MSBuild\Microsoft\VC\v180\Microsoft.CppBuild.targets(551,5): warning MSB8028: The intermediate directory (Astoroth\x64\Debug\) contains files shared from another project (Vulkan01.vcxproj).  This can lead to incorrect clean and rebuild behavior.
  aiComponents.cpp
  aiSystem.cpp
  animationMathematics.cpp
  animationStateComponents.cpp
  animationSystem.cpp
  assetPipeline.cpp
  assetRegistry.cpp
  assetStreamer.cpp
  asyncStreaming.cpp
  audio.cpp
  audioComponents.cpp
  audioSystem.cpp
  bindlessRender.cpp
  buffer.cpp
  cache.cpp
  camera.cpp
  cameraComponents.cpp
  cameraSystem.cpp
  colliderComponents.cpp
  collision.cpp
  Generating Code...
  Compiling...
  commandList.cpp
  componentManager.cpp
  computerShader.cpp
  coreServices.cpp
  culling.cpp
  cullingSystem.cpp
  descriptorPool.cpp
  device.cpp
  directedAcyclicGraph.cpp
  engine.cpp
  entityComponentSystem.cpp
  environmentMap.cpp
  extensions.cpp
  fences.cpp
  frameGraph.cpp
  frameStack.cpp
  gpuPipeline.cpp
  guid.cpp
  healthComponents.cpp
  import.cpp
  Generating Code...
  Compiling...
  instance.cpp
  jobSystem.cpp
  levelLoader.cpp
  lightComponents.cpp
  lighting.cpp
  loader.cpp
  lua.cpp
  main.cpp
  materialComponents.cpp
  memoruAllocator.cpp
  memoryPool.cpp
  mesh.cpp
  meshlets.cpp
  movementsSystem.cpp
  nvme.cpp
  particleLogic.cpp
  particleSystem.cpp
  physicsSystem.cpp
  platform.cpp
  raytracer.cpp
  Generating Code...
  Compiling...
  reflections.cpp
  renderer.cpp
  renderGraph.cpp
  renderMeshComponents.cpp
  renderPrepSystem.cpp
  resourceBarriers.cpp
  sawapchain.cpp
  scene.cpp
  sceneComposer.cpp
  scriptSystem.cpp
  semaphores.cpp
  shadows.cpp
  skeletalComponents.cpp
  spir-v.cpp
  synchorinzation.cpp
  systemScheduler.cpp
  transformationMathematics.cpp
  transformComponents.cpp
  transformSystem.cpp
  velocityComponents.cpp
  Generating Code...
  Compiling...
  virtualTexturing.cpp
  vulkanQueue.cpp
  vulkanWrapper.cpp
C:\Program Files (x86)\Windows Kits\10\Include\10.0.28000.0\shared\minwindef.h(130,9): warning C4005: 'APIENTRY': macro redefinition
  (compiling source file 'Source/vulkanWrapper.cpp')
      D:\GLFW\include\GLFW\glfw3.h(123,11):
      see previous definition of 'APIENTRY'
  
  window.cpp
C:\Program Files (x86)\Windows Kits\10\Include\10.0.28000.0\shared\minwindef.h(130,9): warning C4005: 'APIENTRY': macro redefinition
  (compiling source file 'Source/window.cpp')
      D:\GLFW\include\GLFW\glfw3.h(123,11):
      see previous definition of 'APIENTRY'
  
  workThief.cpp
  Generating Code...
LINK : warning LNK4098: defaultlib 'MSVCRT' conflicts with use of other libs; use /NODEFAULTLIB:library
main.obj : error LNK2019: unresolved external symbol __imp_DefWindowProcW referenced in function "__int64 __cdecl WindowProc(struct HWND__ *,unsigned int,unsigned __int64,__int64)" (?WindowProc@@YA_JPEAUHWND__@@I_K_J@Z)
window.obj : error LNK2001: unresolved external symbol __imp_DefWindowProcW
glfw3.lib(win32_init.obj) : error LNK2001: unresolved external symbol __imp_DefWindowProcW
glfw3.lib(win32_window.obj) : error LNK2001: unresolved external symbol __imp_DefWindowProcW
main.obj : error LNK2019: unresolved external symbol __imp_PostQuitMessage referenced in function "__int64 __cdecl WindowProc(struct HWND__ *,unsigned int,unsigned __int64,__int64)" (?WindowProc@@YA_JPEAUHWND__@@I_K_J@Z)
window.obj : error LNK2001: unresolved external symbol __imp_PostQuitMessage
vulkanWrapper.obj : error LNK2019: unresolved external symbol __imp_TranslateMessage referenced in function "public: void __cdecl VulkanWrapper::RunRenderLoop(void)" (?RunRenderLoop@VulkanWrapper@@QEAAXXZ)
window.obj : error LNK2001: unresolved external symbol __imp_TranslateMessage
glfw3.lib(win32_init.obj) : error LNK2001: unresolved external symbol __imp_TranslateMessage
glfw3.lib(win32_window.obj) : error LNK2001: unresolved external symbol __imp_TranslateMessage
vulkanWrapper.obj : error LNK2019: unresolved external symbol __imp_DispatchMessageW referenced in function "public: void __cdecl VulkanWrapper::RunRenderLoop(void)" (?RunRenderLoop@VulkanWrapper@@QEAAXXZ)
window.obj : error LNK2001: unresolved external symbol __imp_DispatchMessageW
glfw3.lib(win32_init.obj) : error LNK2001: unresolved external symbol __imp_DispatchMessageW
glfw3.lib(win32_window.obj) : error LNK2001: unresolved external symbol __imp_DispatchMessageW
vulkanWrapper.obj : error LNK2019: unresolved external symbol __imp_PeekMessageW referenced in function "public: void __cdecl VulkanWrapper::RunRenderLoop(void)" (?RunRenderLoop@VulkanWrapper@@QEAAXXZ)
window.obj : error LNK2001: unresolved external symbol __imp_PeekMessageW
glfw3.lib(win32_init.obj) : error LNK2001: unresolved external symbol __imp_PeekMessageW
glfw3.lib(win32_window.obj) : error LNK2001: unresolved external symbol __imp_PeekMessageW
vulkanWrapper.obj : error LNK2019: unresolved external symbol __imp_DestroyWindow referenced in function "protected: void __cdecl VulkanWrapper::Destroy(void)" (?Destroy@VulkanWrapper@@IEAAXXZ)
glfw3.lib(win32_init.obj) : error LNK2001: unresolved external symbol __imp_DestroyWindow
glfw3.lib(win32_window.obj) : error LNK2001: unresolved external symbol __imp_DestroyWindow
vulkanWrapper.obj : error LNK2019: unresolved external symbol "public: __cdecl DebugMessenger::DebugMessenger(void)" (??0DebugMessenger@@QEAA@XZ) referenced in function "public: __cdecl VulkanWrapper::VulkanWrapper(void)" (??0VulkanWrapper@@QEAA@XZ)
vulkanWrapper.obj : error LNK2019: unresolved external symbol "public: virtual __cdecl DebugMessenger::~DebugMessenger(void)" (??1DebugMessenger@@UEAA@XZ) referenced in function "int `public: __cdecl VulkanWrapper::VulkanWrapper(void)'::`1'::dtor$2" (?dtor$2@?0???0VulkanWrapper@@QEAA@XZ@4HA)
vulkanWrapper.obj : error LNK2019: unresolved external symbol "public: void __cdecl DebugMessenger::SetupDebugMessenger(void)" (?SetupDebugMessenger@DebugMessenger@@QEAAXXZ) referenced in function "public: void __cdecl VulkanWrapper::InitializeVulkan(struct HINSTANCE__ *,struct HINSTANCE__ *,char *,int)" (?InitializeVulkan@VulkanWrapper@@QEAAXPEAUHINSTANCE__@@0PEADH@Z)
window.obj : error LNK2019: unresolved external symbol __imp_RegisterClassExW referenced in function "protected: void __cdecl Window::CreateBasicWindow(struct HINSTANCE__ *,struct HINSTANCE__ *,char *,int)" (?CreateBasicWindow@Window@@IEAAXPEAUHINSTANCE__@@0PEADH@Z)
glfw3.lib(win32_init.obj) : error LNK2001: unresolved external symbol __imp_RegisterClassExW
glfw3.lib(win32_window.obj) : error LNK2001: unresolved external symbol __imp_RegisterClassExW
window.obj : error LNK2019: unresolved external symbol __imp_CreateWindowExW referenced in function "protected: void __cdecl Window::CreateBasicWindow(struct HINSTANCE__ *,struct HINSTANCE__ *,char *,int)" (?CreateBasicWindow@Window@@IEAAXPEAUHINSTANCE__@@0PEADH@Z)
glfw3.lib(win32_init.obj) : error LNK2001: unresolved external symbol __imp_CreateWindowExW
glfw3.lib(win32_window.obj) : error LNK2001: unresolved external symbol __imp_CreateWindowExW
window.obj : error LNK2019: unresolved external symbol __imp_ShowWindow referenced in function "public: void __cdecl Window::CreateGLFWwindow(struct HINSTANCE__ *,struct HINSTANCE__ *,char *,int)" (?CreateGLFWwindow@Window@@QEAAXPEAUHINSTANCE__@@0PEADH@Z)
glfw3.lib(win32_init.obj) : error LNK2001: unresolved external symbol __imp_ShowWindow
glfw3.lib(win32_window.obj) : error LNK2001: unresolved external symbol __imp_ShowWindow
window.obj : error LNK2019: unresolved external symbol __imp_LoadCursorW referenced in function "protected: void __cdecl Window::CreateBasicWindow(struct HINSTANCE__ *,struct HINSTANCE__ *,char *,int)" (?CreateBasicWindow@Window@@IEAAXPEAUHINSTANCE__@@0PEADH@Z)
glfw3.lib(win32_window.obj) : error LNK2001: unresolved external symbol __imp_LoadCursorW
glfw3.lib(win32_init.obj) : error LNK2019: unresolved external symbol __imp_RegisterDeviceNotificationW referenced in function _glfwInitWin32
glfw3.lib(win32_init.obj) : error LNK2019: unresolved external symbol __imp_UnregisterDeviceNotification referenced in function _glfwTerminateWin32
glfw3.lib(win32_init.obj) : error LNK2019: unresolved external symbol __imp_UnregisterClassW referenced in function _glfwTerminateWin32
glfw3.lib(win32_init.obj) : error LNK2019: unresolved external symbol __imp_ToUnicode referenced in function _glfwInitWin32
glfw3.lib(win32_init.obj) : error LNK2019: unresolved external symbol __imp_MapVirtualKeyW referenced in function _glfwInitWin32
glfw3.lib(win32_window.obj) : error LNK2001: unresolved external symbol __imp_MapVirtualKeyW
glfw3.lib(win32_init.obj) : error LNK2019: unresolved external symbol __imp_DestroyIcon referenced in function _glfwTerminateWin32
glfw3.lib(win32_window.obj) : error LNK2001: unresolved external symbol __imp_DestroyIcon
glfw3.lib(win32_monitor.obj) : error LNK2019: unresolved external symbol __imp_CreateDCW referenced in function _glfwGetGammaRampWin32
glfw3.lib(win32_monitor.obj) : error LNK2019: unresolved external symbol __imp_DeleteDC referenced in function _glfwGetGammaRampWin32
glfw3.lib(win32_monitor.obj) : error LNK2019: unresolved external symbol __imp_GetDeviceCaps referenced in function _glfwGetHMONITORContentScaleWin32
glfw3.lib(win32_monitor.obj) : error LNK2019: unresolved external symbol __imp_GetDeviceGammaRamp referenced in function _glfwGetGammaRampWin32
glfw3.lib(win32_monitor.obj) : error LNK2019: unresolved external symbol __imp_SetDeviceGammaRamp referenced in function _glfwSetGammaRampWin32
glfw3.lib(win32_monitor.obj) : error LNK2019: unresolved external symbol __imp_GetDC referenced in function _glfwGetHMONITORContentScaleWin32
glfw3.lib(win32_window.obj) : error LNK2001: unresolved external symbol __imp_GetDC
glfw3.lib(wgl_context.obj) : error LNK2001: unresolved external symbol __imp_GetDC
glfw3.lib(win32_monitor.obj) : error LNK2019: unresolved external symbol __imp_ReleaseDC referenced in function _glfwGetHMONITORContentScaleWin32
glfw3.lib(win32_window.obj) : error LNK2001: unresolved external symbol __imp_ReleaseDC
glfw3.lib(win32_monitor.obj) : error LNK2019: unresolved external symbol __imp_ChangeDisplaySettingsExW referenced in function _glfwGetVideoModesWin32
glfw3.lib(win32_monitor.obj) : error LNK2019: unresolved external symbol __imp_EnumDisplaySettingsW referenced in function _glfwGetVideoModeWin32
glfw3.lib(win32_monitor.obj) : error LNK2019: unresolved external symbol __imp_EnumDisplaySettingsExW referenced in function _glfwGetMonitorPosWin32
glfw3.lib(win32_monitor.obj) : error LNK2019: unresolved external symbol __imp_EnumDisplayDevicesW referenced in function _glfwPollMonitorsWin32
glfw3.lib(win32_monitor.obj) : error LNK2019: unresolved external symbol __imp_GetMonitorInfoW referenced in function _glfwGetMonitorWorkareaWin32
glfw3.lib(win32_window.obj) : error LNK2001: unresolved external symbol __imp_GetMonitorInfoW
glfw3.lib(win32_monitor.obj) : error LNK2019: unresolved external symbol __imp_EnumDisplayMonitors referenced in function _glfwPollMonitorsWin32
glfw3.lib(win32_window.obj) : error LNK2019: unresolved external symbol __imp_CreateBitmap referenced in function createIcon
glfw3.lib(win32_window.obj) : error LNK2019: unresolved external symbol __imp_CreateRectRgn referenced in function updateFramebufferTransparency
glfw3.lib(win32_window.obj) : error LNK2019: unresolved external symbol __imp_DeleteObject referenced in function createIcon
glfw3.lib(win32_window.obj) : error LNK2019: unresolved external symbol __imp_CreateDIBSection referenced in function createIcon
glfw3.lib(win32_window.obj) : error LNK2019: unresolved external symbol __imp_TrackMouseEvent referenced in function windowProc
glfw3.lib(win32_window.obj) : error LNK2019: unresolved external symbol __imp_GetMessageTime referenced in function windowProc
glfw3.lib(win32_window.obj) : error LNK2019: unresolved external symbol __imp_SendMessageW referenced in function _glfwSetWindowIconWin32
glfw3.lib(win32_window.obj) : error LNK2019: unresolved external symbol __imp_PostMessageW referenced in function _glfwPostEmptyEventWin32
glfw3.lib(win32_window.obj) : error LNK2019: unresolved external symbol __imp_WaitMessage referenced in function _glfwWaitEventsWin32
glfw3.lib(win32_window.obj) : error LNK2019: unresolved external symbol __imp_GetLayeredWindowAttributes referenced in function _glfwCreateWindowWin32
glfw3.lib(win32_window.obj) : error LNK2019: unresolved external symbol __imp_SetLayeredWindowAttributes referenced in function _glfwCreateWindowWin32
glfw3.lib(win32_window.obj) : error LNK2019: unresolved external symbol __imp_FlashWindow referenced in function _glfwRequestWindowAttentionWin32
glfw3.lib(win32_window.obj) : error LNK2019: unresolved external symbol __imp_MoveWindow referenced in function _glfwSetWindowAspectRatioWin32
glfw3.lib(win32_window.obj) : error LNK2019: unresolved external symbol __imp_SetWindowPos referenced in function _glfwMaximizeWindowWin32
glfw3.lib(win32_window.obj) : error LNK2019: unresolved external symbol __imp_GetWindowPlacement referenced in function createNativeWindow
glfw3.lib(win32_window.obj) : error LNK2019: unresolved external symbol __imp_SetWindowPlacement referenced in function createNativeWindow
glfw3.lib(win32_window.obj) : error LNK2019: unresolved external symbol __imp_IsWindowVisible referenced in function _glfwMaximizeWindowWin32
glfw3.lib(win32_window.obj) : error LNK2019: unresolved external symbol __imp_IsIconic referenced in function _glfwWindowIconifiedWin32
glfw3.lib(win32_window.obj) : error LNK2019: unresolved external symbol __imp_BringWindowToTop referenced in function _glfwCreateWindowWin32
glfw3.lib(win32_window.obj) : error LNK2019: unresolved external symbol __imp_IsZoomed referenced in function _glfwWindowMaximizedWin32
glfw3.lib(win32_window.obj) : error LNK2019: unresolved external symbol __imp_OpenClipboard referenced in function _glfwGetClipboardStringWin32
glfw3.lib(win32_window.obj) : error LNK2019: unresolved external symbol __imp_CloseClipboard referenced in function _glfwGetClipboardStringWin32
glfw3.lib(win32_window.obj) : error LNK2019: unresolved external symbol __imp_SetClipboardData referenced in function _glfwSetClipboardStringWin32
glfw3.lib(win32_window.obj) : error LNK2019: unresolved external symbol __imp_GetClipboardData referenced in function _glfwGetClipboardStringWin32
glfw3.lib(win32_window.obj) : error LNK2019: unresolved external symbol __imp_EmptyClipboard referenced in function _glfwSetClipboardStringWin32
glfw3.lib(win32_window.obj) : error LNK2019: unresolved external symbol __imp_SetFocus referenced in function _glfwCreateWindowWin32
glfw3.lib(win32_window.obj) : error LNK2019: unresolved external symbol __imp_GetActiveWindow referenced in function _glfwPollEventsWin32
glfw3.lib(win32_window.obj) : error LNK2019: unresolved external symbol __imp_GetKeyState referenced in function _glfwPollEventsWin32
glfw3.lib(win32_window.obj) : error LNK2019: unresolved external symbol __imp_SetCapture referenced in function windowProc
glfw3.lib(win32_window.obj) : error LNK2019: unresolved external symbol __imp_ReleaseCapture referenced in function windowProc
glfw3.lib(win32_window.obj) : error LNK2019: unresolved external symbol __imp_MsgWaitForMultipleObjects referenced in function _glfwWaitEventsTimeoutWin32
glfw3.lib(win32_window.obj) : error LNK2019: unresolved external symbol __imp_GetSystemMetrics referenced in function _glfwMaximizeWindowWin32
glfw3.lib(win32_window.obj) : error LNK2019: unresolved external symbol __imp_SetForegroundWindow referenced in function _glfwCreateWindowWin32
glfw3.lib(win32_window.obj) : error LNK2019: unresolved external symbol __imp_SetPropW referenced in function createNativeWindow
glfw3.lib(win32_window.obj) : error LNK2019: unresolved external symbol __imp_GetPropW referenced in function _glfwPollEventsWin32
glfw3.lib(win32_window.obj) : error LNK2019: unresolved external symbol __imp_RemovePropW referenced in function _glfwDestroyWindowWin32
glfw3.lib(win32_window.obj) : error LNK2019: unresolved external symbol __imp_SetWindowTextW referenced in function _glfwSetWindowTitleWin32
glfw3.lib(win32_window.obj) : error LNK2019: unresolved external symbol __imp_GetClientRect referenced in function _glfwGetFramebufferSizeWin32
glfw3.lib(win32_window.obj) : error LNK2019: unresolved external symbol __imp_GetWindowRect referenced in function _glfwSetWindowAspectRatioWin32
glfw3.lib(win32_window.obj) : error LNK2019: unresolved external symbol __imp_AdjustWindowRectEx referenced in function _glfwGetWindowFrameSizeWin32
glfw3.lib(win32_window.obj) : error LNK2019: unresolved external symbol __imp_SetCursorPos referenced in function _glfwPollEventsWin32
glfw3.lib(win32_window.obj) : error LNK2019: unresolved external symbol __imp_SetCursor referenced in function disableCursor
glfw3.lib(win32_window.obj) : error LNK2019: unresolved external symbol __imp_GetCursorPos referenced in function _glfwGetCursorPosWin32
glfw3.lib(win32_window.obj) : error LNK2019: unresolved external symbol __imp_ClientToScreen referenced in function _glfwGetWindowPosWin32
glfw3.lib(win32_window.obj) : error LNK2019: unresolved external symbol __imp_ScreenToClient referenced in function _glfwGetCursorPosWin32
glfw3.lib(win32_window.obj) : error LNK2019: unresolved external symbol __imp_WindowFromPoint referenced in function cursorInContentArea
glfw3.lib(win32_window.obj) : error LNK2019: unresolved external symbol __imp_ClipCursor referenced in function _glfwDestroyWindowWin32
glfw3.lib(win32_window.obj) : error LNK2019: unresolved external symbol __imp_SetRect referenced in function _glfwGetWindowFrameSizeWin32
glfw3.lib(win32_window.obj) : error LNK2019: unresolved external symbol __imp_OffsetRect referenced in function _glfwMaximizeWindowWin32
glfw3.lib(win32_window.obj) : error LNK2019: unresolved external symbol __imp_PtInRect referenced in function cursorInContentArea
glfw3.lib(win32_window.obj) : error LNK2019: unresolved external symbol __imp_GetWindowLongW referenced in function _glfwCreateWindowWin32
glfw3.lib(win32_window.obj) : error LNK2019: unresolved external symbol __imp_SetWindowLongW referenced in function _glfwCreateWindowWin32
glfw3.lib(win32_window.obj) : error LNK2019: unresolved external symbol __imp_GetClassLongPtrW referenced in function _glfwSetWindowIconWin32
glfw3.lib(win32_window.obj) : error LNK2019: unresolved external symbol __imp_LoadImageW referenced in function _glfwCreateStandardCursorWin32
glfw3.lib(win32_window.obj) : error LNK2019: unresolved external symbol __imp_CreateIconIndirect referenced in function createIcon
glfw3.lib(win32_window.obj) : error LNK2019: unresolved external symbol __imp_SystemParametersInfoW referenced in function acquireMonitor
glfw3.lib(win32_window.obj) : error LNK2019: unresolved external symbol __imp_MonitorFromWindow referenced in function _glfwGetWindowContentScaleWin32
glfw3.lib(win32_window.obj) : error LNK2019: unresolved external symbol __imp_GetRawInputData referenced in function windowProc
glfw3.lib(win32_window.obj) : error LNK2019: unresolved external symbol __imp_RegisterRawInputDevices referenced in function _glfwSetRawMouseMotionWin32
glfw3.lib(win32_window.obj) : error LNK2019: unresolved external symbol __imp_DragQueryFileW referenced in function windowProc
glfw3.lib(win32_window.obj) : error LNK2019: unresolved external symbol __imp_DragQueryPoint referenced in function windowProc
glfw3.lib(win32_window.obj) : error LNK2019: unresolved external symbol __imp_DragFinish referenced in function windowProc
glfw3.lib(win32_window.obj) : error LNK2019: unresolved external symbol __imp_DragAcceptFiles referenced in function createNativeWindow
glfw3.lib(win32_joystick.obj) : error LNK2019: unresolved external symbol __imp_GetRawInputDeviceInfoA referenced in function deviceCallback
glfw3.lib(win32_joystick.obj) : error LNK2019: unresolved external symbol __imp_GetRawInputDeviceList referenced in function deviceCallback
glfw3.lib(wgl_context.obj) : error LNK2019: unresolved external symbol __imp_ChoosePixelFormat referenced in function _glfwInitWGL
glfw3.lib(wgl_context.obj) : error LNK2019: unresolved external symbol __imp_DescribePixelFormat referenced in function _glfwCreateContextWGL
glfw3.lib(wgl_context.obj) : error LNK2019: unresolved external symbol __imp_SetPixelFormat referenced in function _glfwCreateContextWGL
glfw3.lib(wgl_context.obj) : error LNK2019: unresolved external symbol __imp_SwapBuffers referenced in function swapBuffersWGL
E:\DEV\WishboneInteractive\Vulkan\Underworld\x64\Debug\Astoroth.exe : fatal error LNK1120: 101 unresolved externals
