f:\dev\wishbonestudios\vulkan\vulkan01\vulkan01\x64\debug\vc145.pdb
f:\dev\wishbonestudios\vulkan\vulkan01\vulkan01\x64\debug\vc145.idb
f:\dev\wishbonestudios\vulkan\vulkan01\vulkan01\x64\debug\window.obj
f:\dev\wishbonestudios\vulkan\vulkan01\vulkan01\x64\debug\synchorinzation.obj
f:\dev\wishbonestudios\vulkan\vulkan01\vulkan01\x64\debug\spir-v.obj
f:\dev\wishbonestudios\vulkan\vulkan01\vulkan01\x64\debug\sawapchain.obj
f:\dev\wishbonestudios\vulkan\vulkan01\vulkan01\x64\debug\raytracer.obj
f:\dev\wishbonestudios\vulkan\vulkan01\vulkan01\x64\debug\meshlets.obj
f:\dev\wishbonestudios\vulkan\vulkan01\vulkan01\x64\debug\mesh.obj
f:\dev\wishbonestudios\vulkan\vulkan01\vulkan01\x64\debug\main.obj
f:\dev\wishbonestudios\vulkan\vulkan01\vulkan01\x64\debug\loader.obj
f:\dev\wishbonestudios\vulkan\vulkan01\vulkan01\x64\debug\instance.obj
f:\dev\wishbonestudios\vulkan\vulkan01\vulkan01\x64\debug\engine.obj
f:\dev\wishbonestudios\vulkan\vulkan01\vulkan01\x64\debug\device.obj
f:\dev\wishbonestudios\vulkan\vulkan01\vulkan01\x64\debug\descriptors.obj
f:\dev\wishbonestudios\vulkan\vulkan01\vulkan01\x64\debug\commandlist.obj
f:\dev\wishbonestudios\vulkan\vulkan01\vulkan01\x64\debug\cache.obj
f:\dev\wishbonestudios\vulkan\vulkan01\vulkan01\x64\debug\buffer.obj
f:\dev\wishbonestudios\vulkan\vulkan01\x64\debug\vulkan01.exe
f:\dev\wishbonestudios\vulkan\vulkan01\x64\debug\vulkan01.pdb
f:\dev\wishbonestudios\vulkan\vulkan01\vulkan01\x64\debug\vulkan01.ilk
f:\dev\wishbonestudios\vulkan\vulkan01\vulkan01\x64\debug\vulkan01.tlog\cl.command.1.tlog
f:\dev\wishbonestudios\vulkan\vulkan01\vulkan01\x64\debug\vulkan01.tlog\cl.items.tlog
f:\dev\wishbonestudios\vulkan\vulkan01\vulkan01\x64\debug\vulkan01.tlog\cl.read.1.tlog
f:\dev\wishbonestudios\vulkan\vulkan01\vulkan01\x64\debug\vulkan01.tlog\cl.write.1.tlog
f:\dev\wishbonestudios\vulkan\vulkan01\vulkan01\x64\debug\vulkan01.tlog\link.command.1.tlog
f:\dev\wishbonestudios\vulkan\vulkan01\vulkan01\x64\debug\vulkan01.tlog\link.read.1.tlog
f:\dev\wishbonestudios\vulkan\vulkan01\vulkan01\x64\debug\vulkan01.tlog\link.secondary.1.tlog
f:\dev\wishbonestudios\vulkan\vulkan01\vulkan01\x64\debug\vulkan01.tlog\link.write.1.tlog
